// Jest Snapshot v1, https://goo.gl/fbAQLP

exports[`History Item Component matches a snapshot 1`] = `
<section>
  <p>
    GET
  </p>
  <p>
    https://github.com/janellemellor
  </p>
</section>
`;
